// Jest Snapshot v1, https://goo.gl/fbAQLP

exports[`<ToggleSwitch /> Test Cases Snapshot test should pass 1`] = `
<label
  className="Label__StyledText-sc-76lssq-0 eBRjDt ToggleSwitch__StyledCard-sc-188t0kq-0 BpZiW"
>
  <div
    className="Card-sc-fb64gk-0 cyKOAj"
    display="flex"
  >
    <div
      className="Card-sc-fb64gk-0 Input__CheckboxWrapper-sc-1g1qde7-3 cyKOAj gyExcC"
      display="flex"
    >
      <input
        className="Input__BaseInput-sc-1g1qde7-0 Input__StyledCheckbox-sc-1g1qde7-1 loYxXz kuQDkn ToggleSwitch__StyledInput-sc-188t0kq-2 bEIdAF"
        onChange={[Function]}
        type="checkbox"
      />
      <div
        className="Card-sc-fb64gk-0 Input__IconWrapper-sc-1g1qde7-2 leCJCh iHvjxh"
      >
        <svg
          fill="none"
          height="11px"
          viewBox="0 0 15 11"
          width="15px"
          xmlns="http://www.w3.org/2000/svg"
        >
          <path
            d="M1.5 5L5.5 9L13.5 1"
            stroke="#ffffff"
            stroke-width="2"
          />
        </svg>
      </div>
    </div>
  </div>
  <span
    className="Span__StyledSpan-sc-1tn16tz-0 ldMWNC ToggleSwitch__StyledLabelItem-sc-188t0kq-1 blHgQK"
  />
</label>
`;
