// Jest Snapshot v1, https://goo.gl/fbAQLP

exports[`Snapshots Snapshot test should pass 1`] = `
Array [
  <div
    data-testid="state"
  >
    TRY_HEDVIG
  </div>,
  <button
    data-testid="forward"
    onClick={[Function]}
  >
    forward
  </button>,
  <button
    data-testid="backward"
    onClick={[Function]}
  >
    backward
  </button>,
]
`;
