// Jest Snapshot v1, https://goo.gl/fbAQLP

exports[`<StartDate /> Test Cases Snapshot test should pass 1`] = `
<div
  className="Card-sc-fb64gk-0 StartDate__Container-sc-xr7rko-0 jyptlu cecsRh"
>
  <div
    className="Card-sc-fb64gk-0 ZVgyg"
    display="flex"
  >
    <div
      className="Card-sc-fb64gk-0 fjFMcV"
    >
      <p
        className="Text__StyledText-sc-1jfsuh1-0 kuEDKQ"
        color="gray900"
      >
        Test 1
      </p>
    </div>
    <div
      className="Card-sc-fb64gk-0 leCJCh"
    >
      <div
        className="Card-sc-fb64gk-0 iwgbFx"
      >
        <div
          className="Card-sc-fb64gk-0 Datepicker__DatepickerInput-sc-l3u9eo-3 leCJCh ivGoXB"
          disabled={false}
          onClick={[Function]}
        >
          2017-02-02
        </div>
        <div
          className="Card-sc-fb64gk-0 Datepicker__IconWrapper-sc-l3u9eo-2 leCJCh dihrGO"
        >
          <svg
            fill="none"
            height="11px"
            viewBox="0 0 19 11"
            width="19px"
            xmlns="http://www.w3.org/2000/svg"
          >
            <path
              clipRule="evenodd"
              d="M9.50006 7.9394L2.03039 0.469727L0.969727 1.53039L9.50006 10.0607L18.0304 1.53039L16.9697 0.469727L9.50006 7.9394Z"
              fill="#121212"
              fillRule="evenodd"
            />
          </svg>
        </div>
        <div
          className="Card-sc-fb64gk-0 Datepicker__CalendarWrapper-sc-l3u9eo-1 leCJCh iRttkB"
        >
          <div
            className="react-calendar Datepicker__StyledCalendar-sc-l3u9eo-0 ccqweC"
          >
            <div
              className="react-calendar__navigation"
            >
              <button
                aria-label=""
                className="react-calendar__navigation__arrow react-calendar__navigation__prev2-button"
                disabled={true}
                onClick={[Function]}
                type="button"
              >
                «
              </button>
              <button
                aria-label=""
                className="react-calendar__navigation__arrow react-calendar__navigation__prev-button"
                disabled={true}
                onClick={[Function]}
                type="button"
              >
                ‹
              </button>
              <button
                aria-label=""
                className="react-calendar__navigation__label"
                disabled={false}
                onClick={[Function]}
                style={
                  Object {
                    "flexGrow": 1,
                  }
                }
                type="button"
              >
                <span
                  className="react-calendar__navigation__label__labelText react-calendar__navigation__label__labelText--from"
                >
                  mars 2022
                </span>
              </button>
              <button
                aria-label=""
                className="react-calendar__navigation__arrow react-calendar__navigation__next-button"
                disabled={false}
                onClick={[Function]}
                type="button"
              >
                ›
              </button>
              <button
                aria-label=""
                className="react-calendar__navigation__arrow react-calendar__navigation__next2-button"
                disabled={false}
                onClick={[Function]}
                type="button"
              >
                »
              </button>
            </div>
            <div
              className="react-calendar__viewContainer"
              onBlur={null}
              onMouseLeave={null}
            >
              <div
                className="react-calendar__month-view "
              >
                <div
                  style={
                    Object {
                      "alignItems": "flex-end",
                      "display": "flex",
                    }
                  }
                >
                  <div
                    style={
                      Object {
                        "flexGrow": 1,
                        "width": "100%",
                      }
                    }
                  >
                    <div
                      className="react-calendar__month-view__weekdays"
                      onFocus={null}
                      onMouseOver={null}
                      style={
                        Object {
                          "display": "flex",
                          "flexDirection": undefined,
                          "flexWrap": "no-wrap",
                        }
                      }
                    >
                      <div
                        className="react-calendar__month-view__weekdays__weekday"
                        style={
                          Object {
                            "flexBasis": "14.285714285714286%",
                            "flexGrow": 0,
                            "flexShrink": 0,
                            "marginLeft": null,
                            "overflow": "hidden",
                          }
                        }
                      >
                        <abbr
                          aria-label="måndag"
                          title="måndag"
                        >
                          mån
                        </abbr>
                      </div>
                      <div
                        className="react-calendar__month-view__weekdays__weekday"
                        style={
                          Object {
                            "flexBasis": "14.285714285714286%",
                            "flexGrow": 0,
                            "flexShrink": 0,
                            "marginLeft": null,
                            "overflow": "hidden",
                          }
                        }
                      >
                        <abbr
                          aria-label="tisdag"
                          title="tisdag"
                        >
                          tis
                        </abbr>
                      </div>
                      <div
                        className="react-calendar__month-view__weekdays__weekday"
                        style={
                          Object {
                            "flexBasis": "14.285714285714286%",
                            "flexGrow": 0,
                            "flexShrink": 0,
                            "marginLeft": null,
                            "overflow": "hidden",
                          }
                        }
                      >
                        <abbr
                          aria-label="onsdag"
                          title="onsdag"
                        >
                          ons
                        </abbr>
                      </div>
                      <div
                        className="react-calendar__month-view__weekdays__weekday"
                        style={
                          Object {
                            "flexBasis": "14.285714285714286%",
                            "flexGrow": 0,
                            "flexShrink": 0,
                            "marginLeft": null,
                            "overflow": "hidden",
                          }
                        }
                      >
                        <abbr
                          aria-label="torsdag"
                          title="torsdag"
                        >
                          tors
                        </abbr>
                      </div>
                      <div
                        className="react-calendar__month-view__weekdays__weekday"
                        style={
                          Object {
                            "flexBasis": "14.285714285714286%",
                            "flexGrow": 0,
                            "flexShrink": 0,
                            "marginLeft": null,
                            "overflow": "hidden",
                          }
                        }
                      >
                        <abbr
                          aria-label="fredag"
                          title="fredag"
                        >
                          fre
                        </abbr>
                      </div>
                      <div
                        className="react-calendar__month-view__weekdays__weekday"
                        style={
                          Object {
                            "flexBasis": "14.285714285714286%",
                            "flexGrow": 0,
                            "flexShrink": 0,
                            "marginLeft": null,
                            "overflow": "hidden",
                          }
                        }
                      >
                        <abbr
                          aria-label="lördag"
                          title="lördag"
                        >
                          lör
                        </abbr>
                      </div>
                      <div
                        className="react-calendar__month-view__weekdays__weekday"
                        style={
                          Object {
                            "flexBasis": "14.285714285714286%",
                            "flexGrow": 0,
                            "flexShrink": 0,
                            "marginLeft": null,
                            "overflow": "hidden",
                          }
                        }
                      >
                        <abbr
                          aria-label="söndag"
                          title="söndag"
                        >
                          sön
                        </abbr>
                      </div>
                    </div>
                    <div
                      className="react-calendar__month-view__days"
                      style={
                        Object {
                          "display": "flex",
                          "flexDirection": undefined,
                          "flexWrap": "wrap",
                        }
                      }
                    >
                      <button
                        className="react-calendar__tile react-calendar__month-view__days__day react-calendar__month-view__days__day--neighboringMonth"
                        disabled={true}
                        onClick={[Function]}
                        onFocus={null}
                        onMouseOver={null}
                        style={
                          Object {
                            "flexBasis": "14.285714285714286%",
                            "flexGrow": 0,
                            "flexShrink": 0,
                            "marginLeft": null,
                            "overflow": "hidden",
                          }
                        }
                        type="button"
                      >
                        <abbr
                          aria-label="28 februari 2022"
                        >
                          28
                        </abbr>
                      </button>
                      <button
                        className="react-calendar__tile react-calendar__month-view__days__day"
                        disabled={true}
                        onClick={[Function]}
                        onFocus={null}
                        onMouseOver={null}
                        style={
                          Object {
                            "flexBasis": "14.285714285714286%",
                            "flexGrow": 0,
                            "flexShrink": 0,
                            "marginLeft": null,
                            "overflow": "hidden",
                          }
                        }
                        type="button"
                      >
                        <abbr
                          aria-label="1 mars 2022"
                        >
                          1
                        </abbr>
                      </button>
                      <button
                        className="react-calendar__tile react-calendar__month-view__days__day"
                        disabled={true}
                        onClick={[Function]}
                        onFocus={null}
                        onMouseOver={null}
                        style={
                          Object {
                            "flexBasis": "14.285714285714286%",
                            "flexGrow": 0,
                            "flexShrink": 0,
                            "marginLeft": null,
                            "overflow": "hidden",
                          }
                        }
                        type="button"
                      >
                        <abbr
                          aria-label="2 mars 2022"
                        >
                          2
                        </abbr>
                      </button>
                      <button
                        className="react-calendar__tile react-calendar__month-view__days__day"
                        disabled={true}
                        onClick={[Function]}
                        onFocus={null}
                        onMouseOver={null}
                        style={
                          Object {
                            "flexBasis": "14.285714285714286%",
                            "flexGrow": 0,
                            "flexShrink": 0,
                            "marginLeft": null,
                            "overflow": "hidden",
                          }
                        }
                        type="button"
                      >
                        <abbr
                          aria-label="3 mars 2022"
                        >
                          3
                        </abbr>
                      </button>
                      <button
                        className="react-calendar__tile react-calendar__month-view__days__day"
                        disabled={true}
                        onClick={[Function]}
                        onFocus={null}
                        onMouseOver={null}
                        style={
                          Object {
                            "flexBasis": "14.285714285714286%",
                            "flexGrow": 0,
                            "flexShrink": 0,
                            "marginLeft": null,
                            "overflow": "hidden",
                          }
                        }
                        type="button"
                      >
                        <abbr
                          aria-label="4 mars 2022"
                        >
                          4
                        </abbr>
                      </button>
                      <button
                        className="react-calendar__tile react-calendar__month-view__days__day react-calendar__month-view__days__day--weekend"
                        disabled={true}
                        onClick={[Function]}
                        onFocus={null}
                        onMouseOver={null}
                        style={
                          Object {
                            "flexBasis": "14.285714285714286%",
                            "flexGrow": 0,
                            "flexShrink": 0,
                            "marginLeft": null,
                            "overflow": "hidden",
                          }
                        }
                        type="button"
                      >
                        <abbr
                          aria-label="5 mars 2022"
                        >
                          5
                        </abbr>
                      </button>
                      <button
                        className="react-calendar__tile react-calendar__month-view__days__day react-calendar__month-view__days__day--weekend"
                        disabled={true}
                        onClick={[Function]}
                        onFocus={null}
                        onMouseOver={null}
                        style={
                          Object {
                            "flexBasis": "14.285714285714286%",
                            "flexGrow": 0,
                            "flexShrink": 0,
                            "marginLeft": null,
                            "overflow": "hidden",
                          }
                        }
                        type="button"
                      >
                        <abbr
                          aria-label="6 mars 2022"
                        >
                          6
                        </abbr>
                      </button>
                      <button
                        className="react-calendar__tile react-calendar__month-view__days__day"
                        disabled={true}
                        onClick={[Function]}
                        onFocus={null}
                        onMouseOver={null}
                        style={
                          Object {
                            "flexBasis": "14.285714285714286%",
                            "flexGrow": 0,
                            "flexShrink": 0,
                            "marginLeft": null,
                            "overflow": "hidden",
                          }
                        }
                        type="button"
                      >
                        <abbr
                          aria-label="7 mars 2022"
                        >
                          7
                        </abbr>
                      </button>
                      <button
                        className="react-calendar__tile react-calendar__month-view__days__day"
                        disabled={true}
                        onClick={[Function]}
                        onFocus={null}
                        onMouseOver={null}
                        style={
                          Object {
                            "flexBasis": "14.285714285714286%",
                            "flexGrow": 0,
                            "flexShrink": 0,
                            "marginLeft": null,
                            "overflow": "hidden",
                          }
                        }
                        type="button"
                      >
                        <abbr
                          aria-label="8 mars 2022"
                        >
                          8
                        </abbr>
                      </button>
                      <button
                        className="react-calendar__tile react-calendar__tile--now react-calendar__month-view__days__day"
                        onClick={[Function]}
                        onFocus={null}
                        onMouseOver={null}
                        style={
                          Object {
                            "flexBasis": "14.285714285714286%",
                            "flexGrow": 0,
                            "flexShrink": 0,
                            "marginLeft": null,
                            "overflow": "hidden",
                          }
                        }
                        type="button"
                      >
                        <abbr
                          aria-label="9 mars 2022"
                        >
                          9
                        </abbr>
                      </button>
                      <button
                        className="react-calendar__tile react-calendar__month-view__days__day"
                        onClick={[Function]}
                        onFocus={null}
                        onMouseOver={null}
                        style={
                          Object {
                            "flexBasis": "14.285714285714286%",
                            "flexGrow": 0,
                            "flexShrink": 0,
                            "marginLeft": null,
                            "overflow": "hidden",
                          }
                        }
                        type="button"
                      >
                        <abbr
                          aria-label="10 mars 2022"
                        >
                          10
                        </abbr>
                      </button>
                      <button
                        className="react-calendar__tile react-calendar__month-view__days__day"
                        onClick={[Function]}
                        onFocus={null}
                        onMouseOver={null}
                        style={
                          Object {
                            "flexBasis": "14.285714285714286%",
                            "flexGrow": 0,
                            "flexShrink": 0,
                            "marginLeft": null,
                            "overflow": "hidden",
                          }
                        }
                        type="button"
                      >
                        <abbr
                          aria-label="11 mars 2022"
                        >
                          11
                        </abbr>
                      </button>
                      <button
                        className="react-calendar__tile react-calendar__month-view__days__day react-calendar__month-view__days__day--weekend"
                        onClick={[Function]}
                        onFocus={null}
                        onMouseOver={null}
                        style={
                          Object {
                            "flexBasis": "14.285714285714286%",
                            "flexGrow": 0,
                            "flexShrink": 0,
                            "marginLeft": null,
                            "overflow": "hidden",
                          }
                        }
                        type="button"
                      >
                        <abbr
                          aria-label="12 mars 2022"
                        >
                          12
                        </abbr>
                      </button>
                      <button
                        className="react-calendar__tile react-calendar__month-view__days__day react-calendar__month-view__days__day--weekend"
                        onClick={[Function]}
                        onFocus={null}
                        onMouseOver={null}
                        style={
                          Object {
                            "flexBasis": "14.285714285714286%",
                            "flexGrow": 0,
                            "flexShrink": 0,
                            "marginLeft": null,
                            "overflow": "hidden",
                          }
                        }
                        type="button"
                      >
                        <abbr
                          aria-label="13 mars 2022"
                        >
                          13
                        </abbr>
                      </button>
                      <button
                        className="react-calendar__tile react-calendar__month-view__days__day"
                        onClick={[Function]}
                        onFocus={null}
                        onMouseOver={null}
                        style={
                          Object {
                            "flexBasis": "14.285714285714286%",
                            "flexGrow": 0,
                            "flexShrink": 0,
                            "marginLeft": null,
                            "overflow": "hidden",
                          }
                        }
                        type="button"
                      >
                        <abbr
                          aria-label="14 mars 2022"
                        >
                          14
                        </abbr>
                      </button>
                      <button
                        className="react-calendar__tile react-calendar__month-view__days__day"
                        onClick={[Function]}
                        onFocus={null}
                        onMouseOver={null}
                        style={
                          Object {
                            "flexBasis": "14.285714285714286%",
                            "flexGrow": 0,
                            "flexShrink": 0,
                            "marginLeft": null,
                            "overflow": "hidden",
                          }
                        }
                        type="button"
                      >
                        <abbr
                          aria-label="15 mars 2022"
                        >
                          15
                        </abbr>
                      </button>
                      <button
                        className="react-calendar__tile react-calendar__month-view__days__day"
                        onClick={[Function]}
                        onFocus={null}
                        onMouseOver={null}
                        style={
                          Object {
                            "flexBasis": "14.285714285714286%",
                            "flexGrow": 0,
                            "flexShrink": 0,
                            "marginLeft": null,
                            "overflow": "hidden",
                          }
                        }
                        type="button"
                      >
                        <abbr
                          aria-label="16 mars 2022"
                        >
                          16
                        </abbr>
                      </button>
                      <button
                        className="react-calendar__tile react-calendar__month-view__days__day"
                        onClick={[Function]}
                        onFocus={null}
                        onMouseOver={null}
                        style={
                          Object {
                            "flexBasis": "14.285714285714286%",
                            "flexGrow": 0,
                            "flexShrink": 0,
                            "marginLeft": null,
                            "overflow": "hidden",
                          }
                        }
                        type="button"
                      >
                        <abbr
                          aria-label="17 mars 2022"
                        >
                          17
                        </abbr>
                      </button>
                      <button
                        className="react-calendar__tile react-calendar__month-view__days__day"
                        onClick={[Function]}
                        onFocus={null}
                        onMouseOver={null}
                        style={
                          Object {
                            "flexBasis": "14.285714285714286%",
                            "flexGrow": 0,
                            "flexShrink": 0,
                            "marginLeft": null,
                            "overflow": "hidden",
                          }
                        }
                        type="button"
                      >
                        <abbr
                          aria-label="18 mars 2022"
                        >
                          18
                        </abbr>
                      </button>
                      <button
                        className="react-calendar__tile react-calendar__month-view__days__day react-calendar__month-view__days__day--weekend"
                        onClick={[Function]}
                        onFocus={null}
                        onMouseOver={null}
                        style={
                          Object {
                            "flexBasis": "14.285714285714286%",
                            "flexGrow": 0,
                            "flexShrink": 0,
                            "marginLeft": null,
                            "overflow": "hidden",
                          }
                        }
                        type="button"
                      >
                        <abbr
                          aria-label="19 mars 2022"
                        >
                          19
                        </abbr>
                      </button>
                      <button
                        className="react-calendar__tile react-calendar__month-view__days__day react-calendar__month-view__days__day--weekend"
                        onClick={[Function]}
                        onFocus={null}
                        onMouseOver={null}
                        style={
                          Object {
                            "flexBasis": "14.285714285714286%",
                            "flexGrow": 0,
                            "flexShrink": 0,
                            "marginLeft": null,
                            "overflow": "hidden",
                          }
                        }
                        type="button"
                      >
                        <abbr
                          aria-label="20 mars 2022"
                        >
                          20
                        </abbr>
                      </button>
                      <button
                        className="react-calendar__tile react-calendar__month-view__days__day"
                        onClick={[Function]}
                        onFocus={null}
                        onMouseOver={null}
                        style={
                          Object {
                            "flexBasis": "14.285714285714286%",
                            "flexGrow": 0,
                            "flexShrink": 0,
                            "marginLeft": null,
                            "overflow": "hidden",
                          }
                        }
                        type="button"
                      >
                        <abbr
                          aria-label="21 mars 2022"
                        >
                          21
                        </abbr>
                      </button>
                      <button
                        className="react-calendar__tile react-calendar__month-view__days__day"
                        onClick={[Function]}
                        onFocus={null}
                        onMouseOver={null}
                        style={
                          Object {
                            "flexBasis": "14.285714285714286%",
                            "flexGrow": 0,
                            "flexShrink": 0,
                            "marginLeft": null,
                            "overflow": "hidden",
                          }
                        }
                        type="button"
                      >
                        <abbr
                          aria-label="22 mars 2022"
                        >
                          22
                        </abbr>
                      </button>
                      <button
                        className="react-calendar__tile react-calendar__month-view__days__day"
                        onClick={[Function]}
                        onFocus={null}
                        onMouseOver={null}
                        style={
                          Object {
                            "flexBasis": "14.285714285714286%",
                            "flexGrow": 0,
                            "flexShrink": 0,
                            "marginLeft": null,
                            "overflow": "hidden",
                          }
                        }
                        type="button"
                      >
                        <abbr
                          aria-label="23 mars 2022"
                        >
                          23
                        </abbr>
                      </button>
                      <button
                        className="react-calendar__tile react-calendar__month-view__days__day"
                        onClick={[Function]}
                        onFocus={null}
                        onMouseOver={null}
                        style={
                          Object {
                            "flexBasis": "14.285714285714286%",
                            "flexGrow": 0,
                            "flexShrink": 0,
                            "marginLeft": null,
                            "overflow": "hidden",
                          }
                        }
                        type="button"
                      >
                        <abbr
                          aria-label="24 mars 2022"
                        >
                          24
                        </abbr>
                      </button>
                      <button
                        className="react-calendar__tile react-calendar__month-view__days__day"
                        onClick={[Function]}
                        onFocus={null}
                        onMouseOver={null}
                        style={
                          Object {
                            "flexBasis": "14.285714285714286%",
                            "flexGrow": 0,
                            "flexShrink": 0,
                            "marginLeft": null,
                            "overflow": "hidden",
                          }
                        }
                        type="button"
                      >
                        <abbr
                          aria-label="25 mars 2022"
                        >
                          25
                        </abbr>
                      </button>
                      <button
                        className="react-calendar__tile react-calendar__month-view__days__day react-calendar__month-view__days__day--weekend"
                        onClick={[Function]}
                        onFocus={null}
                        onMouseOver={null}
                        style={
                          Object {
                            "flexBasis": "14.285714285714286%",
                            "flexGrow": 0,
                            "flexShrink": 0,
                            "marginLeft": null,
                            "overflow": "hidden",
                          }
                        }
                        type="button"
                      >
                        <abbr
                          aria-label="26 mars 2022"
                        >
                          26
                        </abbr>
                      </button>
                      <button
                        className="react-calendar__tile react-calendar__month-view__days__day react-calendar__month-view__days__day--weekend"
                        onClick={[Function]}
                        onFocus={null}
                        onMouseOver={null}
                        style={
                          Object {
                            "flexBasis": "14.285714285714286%",
                            "flexGrow": 0,
                            "flexShrink": 0,
                            "marginLeft": null,
                            "overflow": "hidden",
                          }
                        }
                        type="button"
                      >
                        <abbr
                          aria-label="27 mars 2022"
                        >
                          27
                        </abbr>
                      </button>
                      <button
                        className="react-calendar__tile react-calendar__month-view__days__day"
                        onClick={[Function]}
                        onFocus={null}
                        onMouseOver={null}
                        style={
                          Object {
                            "flexBasis": "14.285714285714286%",
                            "flexGrow": 0,
                            "flexShrink": 0,
                            "marginLeft": null,
                            "overflow": "hidden",
                          }
                        }
                        type="button"
                      >
                        <abbr
                          aria-label="28 mars 2022"
                        >
                          28
                        </abbr>
                      </button>
                      <button
                        className="react-calendar__tile react-calendar__month-view__days__day"
                        onClick={[Function]}
                        onFocus={null}
                        onMouseOver={null}
                        style={
                          Object {
                            "flexBasis": "14.285714285714286%",
                            "flexGrow": 0,
                            "flexShrink": 0,
                            "marginLeft": null,
                            "overflow": "hidden",
                          }
                        }
                        type="button"
                      >
                        <abbr
                          aria-label="29 mars 2022"
                        >
                          29
                        </abbr>
                      </button>
                      <button
                        className="react-calendar__tile react-calendar__month-view__days__day"
                        onClick={[Function]}
                        onFocus={null}
                        onMouseOver={null}
                        style={
                          Object {
                            "flexBasis": "14.285714285714286%",
                            "flexGrow": 0,
                            "flexShrink": 0,
                            "marginLeft": null,
                            "overflow": "hidden",
                          }
                        }
                        type="button"
                      >
                        <abbr
                          aria-label="30 mars 2022"
                        >
                          30
                        </abbr>
                      </button>
                      <button
                        className="react-calendar__tile react-calendar__month-view__days__day"
                        onClick={[Function]}
                        onFocus={null}
                        onMouseOver={null}
                        style={
                          Object {
                            "flexBasis": "14.285714285714286%",
                            "flexGrow": 0,
                            "flexShrink": 0,
                            "marginLeft": null,
                            "overflow": "hidden",
                          }
                        }
                        type="button"
                      >
                        <abbr
                          aria-label="31 mars 2022"
                        >
                          31
                        </abbr>
                      </button>
                      <button
                        className="react-calendar__tile react-calendar__month-view__days__day react-calendar__month-view__days__day--neighboringMonth"
                        onClick={[Function]}
                        onFocus={null}
                        onMouseOver={null}
                        style={
                          Object {
                            "flexBasis": "14.285714285714286%",
                            "flexGrow": 0,
                            "flexShrink": 0,
                            "marginLeft": null,
                            "overflow": "hidden",
                          }
                        }
                        type="button"
                      >
                        <abbr
                          aria-label="1 april 2022"
                        >
                          1
                        </abbr>
                      </button>
                      <button
                        className="react-calendar__tile react-calendar__month-view__days__day react-calendar__month-view__days__day--weekend react-calendar__month-view__days__day--neighboringMonth"
                        onClick={[Function]}
                        onFocus={null}
                        onMouseOver={null}
                        style={
                          Object {
                            "flexBasis": "14.285714285714286%",
                            "flexGrow": 0,
                            "flexShrink": 0,
                            "marginLeft": null,
                            "overflow": "hidden",
                          }
                        }
                        type="button"
                      >
                        <abbr
                          aria-label="2 april 2022"
                        >
                          2
                        </abbr>
                      </button>
                      <button
                        className="react-calendar__tile react-calendar__month-view__days__day react-calendar__month-view__days__day--weekend react-calendar__month-view__days__day--neighboringMonth"
                        onClick={[Function]}
                        onFocus={null}
                        onMouseOver={null}
                        style={
                          Object {
                            "flexBasis": "14.285714285714286%",
                            "flexGrow": 0,
                            "flexShrink": 0,
                            "marginLeft": null,
                            "overflow": "hidden",
                          }
                        }
                        type="button"
                      >
                        <abbr
                          aria-label="3 april 2022"
                        >
                          3
                        </abbr>
                      </button>
                    </div>
                  </div>
                </div>
              </div>
            </div>
          </div>
        </div>
      </div>
    </div>
  </div>
</div>
`;
